
Method: Linear interpolation
X |  0.00 | 1.00 | 2.00
Y |  0.00 | 0.64 | 1.27

Method: Linear interpolation
X |  1.57 | 2.57 | 3.57
Y |  1.00 | 0.36 |-0.27

Method: Lagrange interpolation (3pt)
X |  0.00 | 1.00 | 2.00 | 3.00 | 4.00
Y |  0.00 | 0.87 | 0.93 | 0.17 |-1.39

Method: Linear interpolation
X |  3.14 | 4.14 | 5.14
Y |  0.00 |-0.64 |-1.27

Method: Lagrange interpolation (3pt)
X |  1.57 | 2.57 | 3.57 | 4.57 | 5.57
Y |  1.00 | 0.36 |-0.27 |-0.91 |-1.55

Method: Lagrange interpolation (4pt)
X |  0.00 | 1.00 | 2.00 | 3.00 | 4.00 | 5.00
Y |  0.00 | 0.97 | 0.84 | 0.12 |-0.67 |-1.03

Method: Linear interpolation
X |  4.71 | 5.71 | 6.71 | 7.71 | 8.71 | 9.71 |10.71 |11.71 |12.71
Y | -1.00 |-0.87 |-0.75 |-0.62 |-0.49 |-0.36 |-0.24 |-0.11 | 0.02

Method: Lagrange interpolation (3pt)
X |  3.14 | 4.14 | 5.14 | 6.14 | 7.14 | 8.14 | 9.14 |10.14 |11.14 |12.14 |13.14
Y |  0.00 |-0.68 |-1.20 |-1.56 |-1.76 |-1.79 |-1.67 |-1.38 |-0.92 |-0.31 | 0.47

Method: Lagrange interpolation (4pt)
X |  1.57 | 2.57 | 3.57 | 4.57 | 5.57 | 6.57 | 7.57 | 8.57 | 9.57 |10.57 |11.57 |12.57
Y |  1.00 | 0.37 |-0.28 |-0.91 |-1.49 |-1.95 |-2.26 |-2.38 |-2.25 |-1.84 |-1.11 | 0.00
